// Jest Snapshot v1, https://goo.gl/fbAQLP

exports[`prueba <GiftItem/> debe hacer match con el snapshot 1`] = `
<div>
  <div
    class="card"
  >
    <img
      alt="saitama"
      src="https://giphy.com/gifs/playvalorant-uBRwFMpdukW1hf8yqS"
    />
    <p>
      saitama
    </p>
  </div>
</div>
`;
